// Jest Snapshot v1, https://goo.gl/fbAQLP

exports[`Tests on TodoApp component should render properly 1`] = `
<div>
  <h1>
    To-do App 
  </h1>
  <h3>
    Number of Tasks (
    0
    )
  </h3>
  <div
    className="row"
  >
    <div
      className="col-7"
    >
      <TodoList
        handleDelete={[Function]}
        handleToggle={[Function]}
        todo={Array []}
      />
    </div>
    <div
      className="col-5"
    >
      <TodoAdd
        handleAddTodo={[Function]}
      />
    </div>
  </div>
</div>
`;
